** Drc report for Universal_Carrier.kicad_pcb **
** Created on 2026-10-06T22:30:27 **
** Report includes: Errors, Warnings **

** Found 23 DRC violations **
[lib_footprint_mismatch]: O footprint 'PinHeader_1x03_P2.54mm_Horizontal' não corresponde à cópia na biblioteca 'Connector_PinHeader_2.54mm'
    Local override; warning
    @(87.9600 mm, 66.0000 mm): Footprint J8
[lib_footprint_mismatch]: O footprint 'MountingHole_3.2mm_M3' não corresponde à cópia na biblioteca 'MountingHole'
    Local override; warning
    @(4.5000 mm, 4.5000 mm): Footprint H1
[lib_footprint_mismatch]: O footprint 'PinHeader_1x02_P2.54mm_Vertical' não corresponde à cópia na biblioteca 'Connector_PinHeader_2.54mm'
    Local override; warning
    @(65.5000 mm, 44.2300 mm): Footprint J5
[lib_footprint_mismatch]: O footprint 'PinHeader_1x02_P2.54mm_Horizontal' não corresponde à cópia na biblioteca 'Connector_PinHeader_2.54mm'
    Local override; warning
    @(44.0000 mm, 76.0000 mm): Footprint J11
[lib_footprint_mismatch]: O footprint 'MountingHole_3.2mm_M3' não corresponde à cópia na biblioteca 'MountingHole'
    Local override; warning
    @(95.5000 mm, 80.5000 mm): Footprint H4
[lib_footprint_mismatch]: O footprint 'PinHeader_1x03_P2.54mm_Horizontal' não corresponde à cópia na biblioteca 'Connector_PinHeader_2.54mm'
    Local override; warning
    @(87.9600 mm, 61.0000 mm): Footprint J9
[lib_footprint_mismatch]: O footprint 'PinHeader_2x04_P2.54mm_Vertical' não corresponde à cópia na biblioteca 'Connector_PinHeader_2.54mm'
    Local override; warning
    @(12.0000 mm, 16.0000 mm): Footprint J3
[lib_footprint_mismatch]: O footprint 'PinHeader_1x03_P2.54mm_Horizontal' não corresponde à cópia na biblioteca 'Connector_PinHeader_2.54mm'
    Local override; warning
    @(88.0000 mm, 70.5000 mm): Footprint J7
[lib_footprint_mismatch]: O footprint 'PinHeader_1x07_P2.54mm_Vertical' não corresponde à cópia na biblioteca 'Connector_PinHeader_2.54mm'
    Local override; warning
    @(82.0000 mm, 16.0000 mm): Footprint J6
[lib_footprint_mismatch]: O footprint 'MountingHole_3.2mm_M3' não corresponde à cópia na biblioteca 'MountingHole'
    Local override; warning
    @(95.5000 mm, 4.5000 mm): Footprint H2
[lib_footprint_mismatch]: O footprint 'PinHeader_1x02_P2.54mm_Horizontal' não corresponde à cópia na biblioteca 'Connector_PinHeader_2.54mm'
    Local override; warning
    @(88.0000 mm, 76.0000 mm): Footprint J12
[lib_footprint_mismatch]: O footprint 'MountingHole_3.2mm_M3' não corresponde à cópia na biblioteca 'MountingHole'
    Local override; warning
    @(4.5000 mm, 80.5000 mm): Footprint H3
[lib_footprint_mismatch]: O footprint 'PinHeader_1x03_P2.54mm_Horizontal' não corresponde à cópia na biblioteca 'Connector_PinHeader_2.54mm'
    Local override; warning
    @(87.9600 mm, 56.5000 mm): Footprint J10
[lib_footprint_mismatch]: O footprint 'PinHeader_1x03_P2.54mm_Horizontal' não corresponde à cópia na biblioteca 'Connector_PinHeader_2.54mm'
    Local override; warning
    @(87.9600 mm, 51.5000 mm): Footprint J4
[lib_footprint_mismatch]: O footprint 'SKRKAEE020' não corresponde à cópia na biblioteca 'PS4_joystick'
    Local override; warning
    @(72.2000 mm, 52.5000 mm): Footprint SW3
[lib_footprint_mismatch]: O footprint 'XDCR_COM-09032' não corresponde à cópia na biblioteca 'PS4_joystick'
    Local override; warning
    @(20.0000 mm, 62.0000 mm): Footprint JOY1
[lib_footprint_mismatch]: O footprint 'SKRKAEE020' não corresponde à cópia na biblioteca 'PS4_joystick'
    Local override; warning
    @(63.9000 mm, 59.5000 mm): Footprint SW4
[lib_footprint_mismatch]: O footprint 'SKRKAEE020' não corresponde à cópia na biblioteca 'PS4_joystick'
    Local override; warning
    @(81.9000 mm, 59.0000 mm): Footprint SW2
[lib_footprint_mismatch]: O footprint 'SKRKAEE020' não corresponde à cópia na biblioteca 'PS4_joystick'
    Local override; warning
    @(72.2000 mm, 66.5000 mm): Footprint SW1
[lib_footprint_mismatch]: O footprint 'PinHeader_1x09_P2.54mm_Horizontal' não corresponde à cópia na biblioteca 'Connector_PinHeader_2.54mm'
    Local override; warning
    @(35.0000 mm, 33.7800 mm): Footprint J2
[lib_footprint_mismatch]: O footprint 'PinHeader_1x04_P2.54mm_Vertical' não corresponde à cópia na biblioteca 'Connector_PinHeader_2.54mm'
    Local override; warning
    @(42.0000 mm, 58.0000 mm): Footprint JP_RBL
[lib_footprint_mismatch]: O footprint 'PinHeader_1x09_P2.54mm_Horizontal' não corresponde à cópia na biblioteca 'Connector_PinHeader_2.54mm'
    Local override; warning
    @(35.0000 mm, 16.0000 mm): Footprint J1
[lib_footprint_mismatch]: O footprint 'WindDragons_Logo_Text_15mm' não corresponde à cópia na biblioteca 'WindDragons'
    Local override; warning
    @(53.0000 mm, 56.0000 mm): Footprint LOGO**

** Found 0 unconnected pads **

** Found 0 Footprint errors **

** Ignored checks **
    - Footprint has no courtyard defined
    - Track endpoint not centered on via
    - Tuning profile track geometries
    - Footprint doesn't match symbol's footprint filters
    - Footprint component type doesn't match footprint pads

** End of Report **
